*************************************
test.ads(<SubpSpec test.ads:8:15-8:54>) - 8:15-8:54
^
procedure Bar (Self : Baz; I : Integer)$
*************************************

*************************************
test.ads(<SubpDecl ["Bar"] test.ads:8:4-8:55>) - 8:1-8:55
^
   overriding procedure Bar (Self : Baz; I : Integer);$
*************************************

*************************************
test.adb(<SubpSpec test.adb:3:4-5:22>) - 3:1-5:22
^
   procedure Bar (Self : Baz; I : Integer)$
*************************************

*************************************
test.adb(<SubpBody ["Bar"] test.adb:2:4-9:12>) - 2:1-9:12
^
   overriding procedure Bar (Self : Baz; I : Integer) is
   begin
      null;
   end Bar;$
*************************************

