Extracting as a ADA_SUBP_KIND_PROCEDURE:
my_package.adb
7:1-7:1 
      procedure Foo;

      procedure Foo is
      begin
         J_Loop :
         for J in Start_Index .. End_Index loop
            K_Loop :
            for K in Start_Index .. End_Index loop
               L_Loop :
               for L in Start_Index .. End_Index loop
                  exit L_Loop;
               end loop L_Loop;
            end loop K_Loop;
         end loop J_Loop;
      end Foo;


8:7-17:23 Foo;

