my_lib.adb
2:28-2:35 Boolean
3:25-3:30 Boolean
my_lib.ads
2:28-2:35 Boolean
3:25-3:30 Boolean

