
WARNING: GNATpp will be baselined soon. Please switch to GNATformat, the new Ada code formatter, for future use.
-------

package Spark_Mode with
  SPARK_Mode
is
   pragma SPARK_Mode;
   procedure pre with
     Pre => True;
   use Spark_Mode;
   procedure spark_MODE;
end Spark_Mode;
