Removing parameter B1
main.adb
5:33-5:40 
6:49-6:62 
my_package.adb
3:30-3:34 
my_package.ads
3:30-3:34 

