# Renaming node corge.ads:1:9: 
References:
Unit:Test.2.ada
Line: 6
Source Location Range:
Start_Line: 6
Start_Column: 6
End_Line: 6
End_Column: 11
Unit:corge.ads
Line: 1
Source Location Range:
Start_Line: 1
Start_Column: 9
End_Line: 1
End_Column: 14
Line: 3
Source Location Range:
Start_Line: 3
Start_Column: 5
End_Line: 3
End_Column: 10
File renames:
corge.ads -> Fox.1.ada

