# Renaming node foo.ads:1:9: 
WARNING: File foo-bar-monitor.ads not found
WARNING: File foo-bar-monitor.adb not found
References:
Unit:foo-bar.ads
Line: 1
Source Location Range:
Start_Line: 1
Start_Column: 9
End_Line: 1
End_Column: 12
Line: 2
Source Location Range:
Start_Line: 2
Start_Column: 5
End_Line: 2
End_Column: 8
Unit:foo.ads
Line: 1
Source Location Range:
Start_Line: 1
Start_Column: 9
End_Line: 1
End_Column: 12
Line: 2
Source Location Range:
Start_Line: 2
Start_Column: 5
End_Line: 2
End_Column: 8
File renames:
foo-bar.ads -> qux-bar.ads
foo.ads -> qux.ads

