# Renaming node gen.ads:3:9: 
References:
Unit:gen.ads
Line: 3
Source Location Range:
Start_Line: 3
Start_Column: 9
End_Line: 3
End_Column: 12
Line: 5
Source Location Range:
Start_Line: 5
Start_Column: 5
End_Line: 5
End_Column: 8
Unit:main.adb
Line: 2
Source Location Range:
Start_Line: 2
Start_Column: 6
End_Line: 2
End_Column: 9
Line: 4
Source Location Range:
Start_Line: 4
Start_Column: 27
End_Line: 4
End_Column: 30
File renames:
gen.ads -> genn.ads

# Renaming node gen.ads:4:4: 
References:
Unit:gen.ads
Line: 4
Source Location Range:
Start_Line: 4
Start_Column: 4
End_Line: 4
End_Column: 9
Unit:main.adb
Line: 6
Source Location Range:
Start_Line: 6
Start_Column: 34
End_Line: 6
End_Column: 39

