
Info: AdaCore provides a new formatter GNATformat, currently in beta. This will supersede GNATpp when leaving the beta program.
-----

function Cvt is new Unchecked_Conversion
  (Source => Integer, Target => Tds_Unsigned_T);
-- Add Cvt for Tds_Integer_T if it is ever different from Integer.
