Contract coverage for package Empty: 100%
Contract coverage for package P1: 100%
Contract coverage for package P2: 0%
Contract coverage for package P3: 50%

