
WARNING: GNATpp will be baselined soon. Please switch to GNATformat, the new Ada code formatter, for future use.
-------

procedure P is
   pragma Warnings (Off);
   --  Explain why we turned warnings off.
begin
   null;
end P;

WARNING: GNATpp will be baselined soon. Please switch to GNATformat, the new Ada code formatter, for future use.
-------

procedure P is
   pragma Warnings (Off);

   --  Explain why we turned warnings off.

begin
   null;
end P;

WARNING: GNATpp will be baselined soon. Please switch to GNATformat, the new Ada code formatter, for future use.
-------

package body Q is

   procedure P is
      pragma Warnings (Off);
      --  Explain why we turned warnings off.
   begin
      null;
   end P;

   procedure P is
      pragma Warnings (Off);
      --  Explain why we turned warnings off.

   begin
      null;
   end P;

   procedure P is
      pragma Warnings (Off);

      --  Start of processing for P.
   begin
      null;
   end P;

   procedure P is
      pragma Warnings (Off);

      --  Start of processing for P.

   begin
      null;
   end P;

end Q;
