warning (TGen): generic package Bar with private declarations is not supported.
bar.ads:4:4: info: corresponding test PASSED
bar.ads:4:4: info: corresponding test PASSED
bar.ads:4:4: info: corresponding test PASSED
bar.ads:4:4: info: corresponding test PASSED
bar.ads:4:4: info: corresponding test PASSED
5 tests run: 5 passed; 0 failed; 0 crashed.
