*************************************
main.adb(<AssignStmt main.adb:6:4-7:9>) - 6:1-7:9
^
   A := 1;$
*************************************

*************************************
main.adb(<StmtList main.adb:6:4-10:9>) - 5:1-11:15
^
   -- Comment
   A := 1;
   -- Comment;
   B := 2;
   -- Comment;$
*************************************

