*************************************
main.adb(<ObjectDecl ["A"] main.adb:5:4-5:16>) - 5:1-5:16
^
      A : Integer;
$
*************************************

*************************************
main.adb(<DeclBlock main.adb:4:4-8:11>) - 4:1-8:11
^
   declare
      A : Integer;
   begin
      null;
   end;
$
*************************************

*************************************
main.adb(<ObjectDecl ["A"] main.adb:5:4-5:16>) - 5:1-5:16
^
      A : Integer;
$
*************************************

*************************************
main.adb(<SubpBody ["main"] main.adb:1:1-10:10>) - 1:1-10:10
^
procedure main is
begin

   declare
      A : Integer;
   begin
      null;
   end;

end main;
$
*************************************

