# Renaming node main.adb:8:4: 
References:
Unit:main.adb
Line: 8
Source Location Range:
Start_Line: 8
Start_Column: 4
End_Line: 8
End_Column: 7
Line: 25
Source Location Range:
Start_Line: 25
Start_Column: 14
End_Line: 25
End_Column: 17
Problems:
Renaming Baz to Foo hides <Id "Foo" d.ads:3:4-3:7>

# Renaming node main.adb:8:4: 
References:
Unit:main.adb
Line: 8
Source Location Range:
Start_Line: 8
Start_Column: 4
End_Line: 8
End_Column: 7
Line: 25
Source Location Range:
Start_Line: 25
Start_Column: 14
End_Line: 25
End_Column: 17
Problems:
Renaming Baz to Bar hides <Id "Bar" f.ads:3:4-3:7>

# Renaming node main.adb:8:4: 
References:
Unit:main.adb
Line: 8
Source Location Range:
Start_Line: 8
Start_Column: 4
End_Line: 8
End_Column: 7
Line: 25
Source Location Range:
Start_Line: 25
Start_Column: 14
End_Line: 25
End_Column: 17
Problems:
Renaming Baz to Cursor hides <| Id "Cursor" a-convec.ads:107:9-107:15 [h.ads:3:1] |>

# Renaming node main.adb:8:4: 
References:
Unit:main.adb
Line: 8
Source Location Range:
Start_Line: 8
Start_Column: 4
End_Line: 8
End_Column: 7
Line: 25
Source Location Range:
Start_Line: 25
Start_Column: 14
End_Line: 25
End_Column: 17
Problems:
Renaming Baz to List hides <| Id "List" a-cdlili.ads:54:9-54:13 [i.ads:3:1] |>

# Renaming node main.adb:8:4: 
References:
Unit:main.adb
Line: 8
Source Location Range:
Start_Line: 8
Start_Column: 4
End_Line: 8
End_Column: 7
Line: 25
Source Location Range:
Start_Line: 25
Start_Column: 14
End_Line: 25
End_Column: 17
Problems:
Renaming Baz to File_Type hides <Id "File_Type" a-textio.ads:65:9-65:18>

