my_lib.adb
2:35-2:35  := 1
3:22-3:24  : Integer := 1; 
my_lib.ads
2:35-2:35  := 1
3:22-3:24  : Integer := 1; 

