No subprogram supported for test case generation.
Units remaining: 2     Units remaining: 1     
