--  begin read only
--  id:2.2/00/
--
--  This section can be used to add with clauses if necessary.
--
--  end read only

pragma Ada_2012;
--  begin read only
--  end read only

package Input.Stub_Data is

--  begin read only
   --  id:2.2/04/a5520b8be5540073/b568d47f2e244743/0/Read_Number/
--  end read only
   type Stub_Data_Type_Read_Number_a5520b_b568d4 is record
      Read_Number_Result : Integer;

      Stub_Counter : Natural := 0;
   end record;
   Stub_Data_Read_Number_a5520b_b568d4 : Stub_Data_Type_Read_Number_a5520b_b568d4;
   procedure Set_Stub_Read_Number_a5520b_b568d4
     (Read_Number_Result : Integer := Stub_Data_Read_Number_a5520b_b568d4.Read_Number_Result);
--  begin read only
--  end read only

end Input.Stub_Data;
--  begin read only
--  id:2.2/00/
--
--  This section can be used to add with clauses if necessary.
--
--  end read only

pragma Ada_2012;
--  begin read only
--  end read only

package Input.Stub_Data is

--  begin read only
   --  id:2.2/04/a5520b8be5540073/b568d47f2e244743/0/Read_Number/
--  end read only
   type Stub_Data_Type_Read_Number_a5520b_b568d4 is record
      Read_Number_Result : Integer;

      Stub_Counter : Natural := 0;
   end record;
   Stub_Data_Read_Number_a5520b_b568d4 : Stub_Data_Type_Read_Number_a5520b_b568d4;
   procedure Set_Stub_Read_Number_a5520b_b568d4
     (Read_Number_Result : Integer := Stub_Data_Read_Number_a5520b_b568d4.Read_Number_Result);
--  begin read only
--  end read only

end Input.Stub_Data;
