main.adb
4:1-4:1 
   procedure Extracted (A : Integer;
                        B : Integer);

   procedure Extracted (A : Integer;
                        B : Integer) is
   begin
      Put_Line (A'Image);
      Put_Line (B'Image);
   end Extracted;

6:1-13:1 
15:16-15:16  (A => A,
                  B => B)

