# Renaming node baz.ads:3:18: 
References:
Unit:baz.adb
Line: 3
Source Location Range:
Start_Line: 3
Start_Column: 18
End_Line: 3
End_Column: 19
Line: 5
Source Location Range:
Start_Line: 5
Start_Column: 19
End_Line: 5
End_Column: 20
Unit:baz.ads
Line: 3
Source Location Range:
Start_Line: 3
Start_Column: 18
End_Line: 3
End_Column: 19

