Suppressing <SubpBody ["Bar"] test-bar.adb:10:17-18:9>
test.adb
1:1-1:1 
with Ada.Assertions;
with Ada.Characters.Conversions;
with Ada.Numerics.Elementary_Functions;

3:17-3:30 
   is
      use Ada.Characters.Conversions;
      use Ada.Numerics.Elementary_Functions;

      B : Boolean;
   begin
      Put_Line ("Separate_Do_Nothing");
      Put_Line (Ada.Numerics.Elementary_Functions.Log (10.0)'Image);
      Ada.Assertions.Assert (1 = 1);
      Ada.Assertions.Assert (Is_Character (Wide_Character'('a')));
      B := Baz (2);
   end Bar;


test-bar.adb

